// Jest Snapshot v1, https://goo.gl/fbAQLP

exports[`Gif Expert App Test Suit should show the component successfully 1`] = `
<Fragment>
  <h2>
    GifExpertApp
  </h2>
  <AddCategory
    setCategories={[Function]}
  />
  <hr />
  <ol />
</Fragment>
`;
