// Jest Snapshot v1, https://goo.gl/fbAQLP

exports[`Gif Grid Test Suit should show the component successfully 1`] = `
<Fragment>
  <h3
    className="animate__animated animate__zoomIn"
  >
    Halo
  </h3>
  <p>
    Loading...
  </p>
  <div
    className="card-grid"
  />
</Fragment>
`;
